Mishika@NIKET-WIN10 MINGW64 ~/Desktop/myapp (master)
$ git remote

Mishika@NIKET-WIN10 MINGW64 ~/Desktop/myapp (master)
$ git remote add origin https://github.com/mishikaraj/test.git

Mishika@NIKET-WIN10 MINGW64 ~/Desktop/myapp (master)
$ git remote
origin

Mishika@NIKET-WIN10 MINGW64 ~/Desktop/myapp (master)
$ git push -u origin master
Enumerating objects: 20, done.
Counting objects: 100% (20/20), done.
Delta compression using up to 4 threads
Compressing objects: 100% (12/12), done.
Writing objects: 100% (20/20), 1.55 KiB | 144.00 KiB/s, done.
Total 20 (delta 4), reused 0 (delta 0)
remote: Resolving deltas: 100% (4/4), done.
To https://github.com/mishikaraj/test.git
 * [new branch]      master -> master
Branch 'master' set up to track remote branch 'master' from 'origin'.

Mishika@NIKET-WIN10 MINGW64 ~/Desktop/myapp (master)
$ touch README.md

Mishika@NIKET-WIN10 MINGW64 ~/Desktop/myapp (master)
$ git add .

Mishika@NIKET-WIN10 MINGW64 ~/Desktop/myapp (master)
$ git commit -m 'Added README'
[master 1664ec8] Added README
 1 file changed, 0 insertions(+), 0 deletions(-)
 create mode 100644 README.md

Mishika@NIKET-WIN10 MINGW64 ~/Desktop/myapp (master)
$ git push
Enumerating objects: 3, done.
Counting objects: 100% (3/3), done.
Delta compression using up to 4 threads
Compressing objects: 100% (2/2), done.
Writing objects: 100% (2/2), 261 bytes | 261.00 KiB/s, done.
Total 2 (delta 1), reused 0 (delta 0)
remote: Resolving deltas: 100% (1/1), completed with 1 local object.
To https://github.com/mishikaraj/test.git
   669b608..1664ec8  master -> master

Mishika@NIKET-WIN10 MINGW64 ~/Desktop/myapp (master)
$ git status
On branch master
Your branch is up to date with 'origin/master'.

Untracked files:
  (use "git add <file>..." to include in what will be committed)
        gitupload.txt.txt

nothing added to commit but untracked files present (use "git add" to track)

Mishika@NIKET-WIN10 MINGW64 ~/Desktop/myapp (master)
$ git add .

Mishika@NIKET-WIN10 MINGW64 ~/Desktop/myapp (master)
$ git status
On branch master
Your branch is up to date with 'origin/master'.

Changes to be committed:
  (use "git restore --staged <file>..." to unstage)
        new file:   gitupload.txt.txt


Mishika@NIKET-WIN10 MINGW64 ~/Desktop/myapp (master)
$ git commit -m 'gitupload.txt'
[master fcfc9db] gitupload.txt
 1 file changed, 0 insertions(+), 0 deletions(-)
 create mode 100644 gitupload.txt.txt

Mishika@NIKET-WIN10 MINGW64 ~/Desktop/myapp (master)
$ git push
Enumerating objects: 3, done.
Counting objects: 100% (3/3), done.
Delta compression using up to 4 threads
Compressing objects: 100% (2/2), done.
Writing objects: 100% (2/2), 263 bytes | 263.00 KiB/s, done.
Total 2 (delta 1), reused 0 (delta 0)
remote: Resolving deltas: 100% (1/1), completed with 1 local object.
To https://github.com/mishikaraj/test.git
   1664ec8..fcfc9db  master -> master

Mishika@NIKET-WIN10 MINGW64 ~/Desktop/myapp (master)
$
